2026-06-10 20:10:53,770 [INFO] App version: 2026+20be5e9
2026-06-10 20:10:53,780 [INFO] Python version: 3.14.5 (tags/v3.14.5:5607950, May 10 2026, 10:43:50) [MSC v.1944 64 bit (AMD64)]
2026-06-10 20:10:53,834 [ERROR] 1 validation error for [C:\AI\cc\2ndhand\output\config.yaml]:
- browser: Input should be a valid dictionary or instance of BrowserConfig
2026-06-10 20:11:15,164 [INFO] App version: 2026+20be5e9
2026-06-10 20:11:15,176 [INFO] Python version: 3.14.5 (tags/v3.14.5:5607950, May 10 2026, 10:43:50) [MSC v.1944 64 bit (AMD64)]
2026-06-10 20:11:17,769 [INFO] You are on a different commit than the release for channel 'latest' (tag: latest). This may mean you are ahead, behind, or on a different branch. Local commit: 20be5e9 (2026-06-10 14:08:01 UTC), Release commit: b98ae58 (2026-06-06 05:05:18 UTC)
2026-06-10 20:11:17,835 [INFO] Searching for ad config files...
2026-06-10 20:11:17,861 [INFO]  -> found 2 ad config files
2026-06-10 20:11:17,957 [ERROR] 1 validation error for [AdPartial]:
- title: Value error, title length exceeds 65 characters
2026-06-10 20:11:29,978 [INFO] App version: 2026+20be5e9
2026-06-10 20:11:29,986 [INFO] Python version: 3.14.5 (tags/v3.14.5:5607950, May 10 2026, 10:43:50) [MSC v.1944 64 bit (AMD64)]
2026-06-10 20:11:30,196 [INFO] Searching for ad config files...
2026-06-10 20:11:30,207 [INFO]  -> found 2 ad config files
2026-06-10 20:11:30,240 [INFO]  -> LOADED: ad [ad_lg_hbs_fn7.yaml]
2026-06-10 20:11:30,280 [INFO]  -> LOADED: ad [ad_roomba_966.yaml]
2026-06-10 20:11:30,292 [INFO] Loaded 2 ads
2026-06-10 20:11:30,301 [INFO] Creating Browser session...
2026-06-10 20:11:30,414 [INFO]  -> Browser binary location: C:\Program Files (x86)\Microsoft\Edge\Application\msedge.exe
2026-06-10 20:11:30,519 [INFO]  -> Custom Browser argument: --disable-dev-shm-usage
2026-06-10 20:11:30,532 [INFO]  -> Browser user data dir: C:\AI\cc\2ndhand\output\.temp\browser-profile
2026-06-10 20:11:30,549 [INFO]  -> Setting chrome prefs [C:\AI\cc\2ndhand\output\.temp\browser-profile\Default\Preferences]...
2026-06-10 20:11:31,862 [INFO] New Browser session is ws://127.0.0.1:62507/devtools/browser/11788bfa-fdf7-46bb-83dd-7c969aac1bc3
2026-06-10 20:11:31,883 [INFO] Checking if already logged in...
2026-06-10 20:11:35,594 [INFO]  ... pausing for 2201 ms ...
2026-06-10 20:13:03,451 [INFO] Logging in...
2026-06-10 20:13:06,720 [INFO]  ... pausing for 2063 ms ...
2026-06-10 20:13:11,943 [INFO]  ... pausing for 1727 ms ...
2026-06-10 20:13:16,795 [INFO]  ... pausing for 2452 ms ...
2026-06-10 20:13:35,281 [INFO] App version: 2026+20be5e9
2026-06-10 20:13:35,290 [INFO] Python version: 3.14.5 (tags/v3.14.5:5607950, May 10 2026, 10:43:50) [MSC v.1944 64 bit (AMD64)]
2026-06-10 20:13:35,509 [INFO] Searching for ad config files...
2026-06-10 20:13:35,527 [INFO]  -> found 2 ad config files
2026-06-10 20:13:35,563 [INFO]  -> LOADED: ad [ad_lg_hbs_fn7.yaml]
2026-06-10 20:13:35,601 [INFO]  -> LOADED: ad [ad_roomba_966.yaml]
2026-06-10 20:13:35,619 [INFO] Loaded 2 ads
2026-06-10 20:13:35,632 [INFO] Creating Browser session...
2026-06-10 20:13:35,735 [INFO]  -> Browser binary location: C:\Program Files (x86)\Microsoft\Edge\Application\msedge.exe
2026-06-10 20:13:35,840 [INFO]  -> Custom Browser argument: --disable-dev-shm-usage
2026-06-10 20:13:35,851 [INFO]  -> Browser user data dir: C:\AI\cc\2ndhand\output\.temp\browser-profile
2026-06-10 20:13:37,944 [INFO] Login confirmed.
2026-06-10 20:13:38,072 [INFO] Reached last page 1 of 1, stopping pagination
2026-06-10 20:13:38,097 [INFO] Processing 1/2: 'LG TONE Free HBS-FN7 ANC Kopfhörer | UVnano | Qi-Charge | OVP' from [C:\AI\cc\2ndhand\output\ad_lg_hbs_fn7.yaml]...
2026-06-10 20:13:38,121 [INFO] Publishing ad 'LG TONE Free HBS-FN7 ANC Kopfhörer | UVnano | Qi-Charge | OVP'...
2026-06-10 20:13:46,798 [INFO]  ... pausing for 2467 ms ...
2026-06-10 20:13:49,590 [ERROR] Failed to start browser. This error often occurs when:
2026-06-10 20:13:49,607 [ERROR] 1. Running as root user (try running as regular user)
2026-06-10 20:13:49,620 [ERROR] 2. Browser profile is locked or in use by another process
2026-06-10 20:13:49,643 [ERROR] 3. Insufficient permissions to access the browser profile
2026-06-10 20:13:49,663 [ERROR] 4. Browser binary is not executable or missing
2026-06-10 20:13:49,681 [ERROR] 
2026-06-10 20:13:49,701 [ERROR] Troubleshooting steps:
2026-06-10 20:13:49,725 [ERROR] 1. Close all browser instances and try again
2026-06-10 20:13:49,735 [ERROR] 2. Remove the user_data_dir configuration temporarily
2026-06-10 20:13:49,748 [ERROR] 3. Try running without profile configuration
2026-06-10 20:13:49,766 [ERROR] 4. Check browser binary permissions: C:\Program Files (x86)\Microsoft\Edge\Application\msedge.exe
2026-06-10 20:13:49,779 [ERROR] 5. Check if any antivirus or security software is blocking the browser
2026-06-10 20:13:49,797 [ERROR] Exception: 
                ---------------------
                Failed to connect to browser
                ---------------------
                One of the causes could be when you are running as root.
                In that case you need to pass no_sandbox=True 
                
2026-06-10 20:13:53,337 [INFO]  ... pausing for 2380 ms ...
2026-06-10 20:13:58,319 [INFO]  ... pausing for 1509 ms ...
2026-06-10 20:14:03,839 [INFO] Condition dialog not available, falling back to generic attribute handler for [condition_s]...
2026-06-10 20:14:07,901 [WARNING] Special attribute 'condition_s' is not available for the selected category. Skipping.
2026-06-10 20:14:43,898 [WARNING] Shipping options dialog entry not found. Legacy '.versand_s' select UI is no longer supported and requires dedicated rebuild.
2026-06-10 20:14:43,921 [WARNING] Attempt 1/3 failed for 'LG TONE Free HBS-FN7 ANC Kopfhörer | UVnano | Qi-Charge | OVP': Unable to open shipping options dialog!. Retrying...
2026-06-10 20:14:43,932 [INFO]  ... pausing for 2116 ms ...
2026-06-10 20:14:46,068 [INFO] Publishing ad 'LG TONE Free HBS-FN7 ANC Kopfhörer | UVnano | Qi-Charge | OVP'...
2026-06-10 20:14:51,865 [INFO]  ... pausing for 1598 ms ...
2026-06-10 20:14:56,080 [INFO]  ... pausing for 1924 ms ...
2026-06-10 20:14:57,608 [INFO] App version: 2026+20be5e9
2026-06-10 20:14:57,616 [INFO] Python version: 3.14.5 (tags/v3.14.5:5607950, May 10 2026, 10:43:50) [MSC v.1944 64 bit (AMD64)]
2026-06-10 20:14:57,806 [INFO] Searching for ad config files...
2026-06-10 20:14:57,824 [INFO]  -> found 2 ad config files
2026-06-10 20:14:57,875 [INFO]  -> LOADED: ad [ad_lg_hbs_fn7.yaml]
2026-06-10 20:14:57,918 [INFO]  -> LOADED: ad [ad_roomba_966.yaml]
2026-06-10 20:14:57,935 [INFO] Loaded 2 ads
2026-06-10 20:14:57,948 [INFO] Creating Browser session...
2026-06-10 20:14:58,060 [INFO]  -> Browser binary location: C:\Program Files (x86)\Microsoft\Edge\Application\msedge.exe
2026-06-10 20:14:58,171 [INFO]  -> Custom Browser argument: --disable-dev-shm-usage
2026-06-10 20:14:58,180 [INFO]  -> Custom Browser argument: --no-sandbox
2026-06-10 20:14:58,190 [INFO]  -> Browser user data dir: C:\AI\cc\2ndhand\output\.temp\browser-profile
2026-06-10 20:15:02,303 [INFO]  ... pausing for 1847 ms ...
2026-06-10 20:15:06,379 [INFO]  ... pausing for 2121 ms ...
2026-06-10 20:15:11,853 [ERROR] Failed to start browser. This error often occurs when:
2026-06-10 20:15:11,872 [ERROR] 1. Running as root user (try running as regular user)
2026-06-10 20:15:11,889 [ERROR] 2. Browser profile is locked or in use by another process
2026-06-10 20:15:11,901 [ERROR] 3. Insufficient permissions to access the browser profile
2026-06-10 20:15:11,918 [ERROR] 4. Browser binary is not executable or missing
2026-06-10 20:15:11,934 [ERROR] 
2026-06-10 20:15:11,949 [ERROR] Troubleshooting steps:
2026-06-10 20:15:11,963 [ERROR] 1. Close all browser instances and try again
2026-06-10 20:15:11,978 [ERROR] 2. Remove the user_data_dir configuration temporarily
2026-06-10 20:15:11,989 [ERROR] 3. Try running without profile configuration
2026-06-10 20:15:12,001 [ERROR] 4. Check browser binary permissions: C:\Program Files (x86)\Microsoft\Edge\Application\msedge.exe
2026-06-10 20:15:12,015 [ERROR] 5. Check if any antivirus or security software is blocking the browser
2026-06-10 20:15:12,031 [ERROR] Exception: 
                ---------------------
                Failed to connect to browser
                ---------------------
                One of the causes could be when you are running as root.
                In that case you need to pass no_sandbox=True 
                
2026-06-10 20:15:12,494 [INFO] Condition dialog not available, falling back to generic attribute handler for [condition_s]...
2026-06-10 20:15:16,582 [WARNING] Special attribute 'condition_s' is not available for the selected category. Skipping.
2026-06-10 20:15:52,638 [WARNING] Shipping options dialog entry not found. Legacy '.versand_s' select UI is no longer supported and requires dedicated rebuild.
2026-06-10 20:15:52,655 [WARNING] Attempt 2/3 failed for 'LG TONE Free HBS-FN7 ANC Kopfhörer | UVnano | Qi-Charge | OVP': Unable to open shipping options dialog!. Retrying...
2026-06-10 20:15:52,663 [INFO]  ... pausing for 2247 ms ...
2026-06-10 20:15:54,925 [INFO] Publishing ad 'LG TONE Free HBS-FN7 ANC Kopfhörer | UVnano | Qi-Charge | OVP'...
2026-06-10 20:16:03,151 [INFO]  ... pausing for 2327 ms ...
2026-06-10 20:16:05,999 [ERROR] Task exception was never retrieved
future: <Task finished name='Task-537' coro=<Browser.update_targets() done, defined at C:\AI\cc\2ndhand\vendor\kleinanzeigen-bot\.venv\Lib\site-packages\nodriver\core\browser.py:498> exception=ConnectionClosedError(None, None, None)>
Traceback (most recent call last):
  File "C:\AI\cc\2ndhand\vendor\kleinanzeigen-bot\.venv\Lib\site-packages\nodriver\core\browser.py", line 500, in update_targets
    targets = await self.send(cdp.target.get_targets())
              ^^^^^^^^^^^^^^^^^^^^^^^^^^^^^^^^^^^^^^^^^
  File "C:\AI\cc\2ndhand\vendor\kleinanzeigen-bot\.venv\Lib\site-packages\nodriver\core\connection.py", line 429, in send
    await ws.send(json.dumps(message))
  File "C:\AI\cc\2ndhand\vendor\kleinanzeigen-bot\.venv\Lib\site-packages\websockets\asyncio\connection.py", line 478, in send
    async with self.send_context():
               ~~~~~~~~~~~~~~~~~^^
  File "C:\Users\jaoji\AppData\Local\Programs\Python\Python314\Lib\contextlib.py", line 214, in __aenter__
    return await anext(self.gen)
           ^^^^^^^^^^^^^^^^^^^^^
  File "C:\AI\cc\2ndhand\vendor\kleinanzeigen-bot\.venv\Lib\site-packages\websockets\asyncio\connection.py", line 965, in send_context
    raise self.protocol.close_exc from original_exc
websockets.exceptions.ConnectionClosedError: no close frame received or sent
2026-06-10 20:16:07,091 [ERROR] Task exception was never retrieved
future: <Task finished name='Task-539' coro=<Browser.update_targets() done, defined at C:\AI\cc\2ndhand\vendor\kleinanzeigen-bot\.venv\Lib\site-packages\nodriver\core\browser.py:498> exception=ConnectionClosedError(None, None, None)>
Traceback (most recent call last):
  File "C:\AI\cc\2ndhand\vendor\kleinanzeigen-bot\.venv\Lib\site-packages\nodriver\core\browser.py", line 500, in update_targets
    targets = await self.send(cdp.target.get_targets())
              ^^^^^^^^^^^^^^^^^^^^^^^^^^^^^^^^^^^^^^^^^
  File "C:\AI\cc\2ndhand\vendor\kleinanzeigen-bot\.venv\Lib\site-packages\nodriver\core\connection.py", line 429, in send
    await ws.send(json.dumps(message))
  File "C:\AI\cc\2ndhand\vendor\kleinanzeigen-bot\.venv\Lib\site-packages\websockets\asyncio\connection.py", line 478, in send
    async with self.send_context():
               ~~~~~~~~~~~~~~~~~^^
  File "C:\Users\jaoji\AppData\Local\Programs\Python\Python314\Lib\contextlib.py", line 214, in __aenter__
    return await anext(self.gen)
           ^^^^^^^^^^^^^^^^^^^^^
  File "C:\AI\cc\2ndhand\vendor\kleinanzeigen-bot\.venv\Lib\site-packages\websockets\asyncio\connection.py", line 965, in send_context
    raise self.protocol.close_exc from original_exc
websockets.exceptions.ConnectionClosedError: no close frame received or sent
2026-06-10 20:16:08,000 [ERROR] Task exception was never retrieved
future: <Task finished name='Task-541' coro=<Browser.update_targets() done, defined at C:\AI\cc\2ndhand\vendor\kleinanzeigen-bot\.venv\Lib\site-packages\nodriver\core\browser.py:498> exception=ConnectionClosedError(None, None, None)>
Traceback (most recent call last):
  File "C:\AI\cc\2ndhand\vendor\kleinanzeigen-bot\.venv\Lib\site-packages\nodriver\core\browser.py", line 500, in update_targets
    targets = await self.send(cdp.target.get_targets())
              ^^^^^^^^^^^^^^^^^^^^^^^^^^^^^^^^^^^^^^^^^
  File "C:\AI\cc\2ndhand\vendor\kleinanzeigen-bot\.venv\Lib\site-packages\nodriver\core\connection.py", line 429, in send
    await ws.send(json.dumps(message))
  File "C:\AI\cc\2ndhand\vendor\kleinanzeigen-bot\.venv\Lib\site-packages\websockets\asyncio\connection.py", line 478, in send
    async with self.send_context():
               ~~~~~~~~~~~~~~~~~^^
  File "C:\Users\jaoji\AppData\Local\Programs\Python\Python314\Lib\contextlib.py", line 214, in __aenter__
    return await anext(self.gen)
           ^^^^^^^^^^^^^^^^^^^^^
  File "C:\AI\cc\2ndhand\vendor\kleinanzeigen-bot\.venv\Lib\site-packages\websockets\asyncio\connection.py", line 965, in send_context
    raise self.protocol.close_exc from original_exc
websockets.exceptions.ConnectionClosedError: no close frame received or sent
2026-06-10 20:16:08,087 [ERROR] ConnectionClosedError: no close frame received or sent
2026-06-10 20:18:05,482 [INFO] App version: 2026+20be5e9
2026-06-10 20:18:05,492 [INFO] Python version: 3.14.5 (tags/v3.14.5:5607950, May 10 2026, 10:43:50) [MSC v.1944 64 bit (AMD64)]
2026-06-10 20:18:05,703 [INFO] Searching for ad config files...
2026-06-10 20:18:05,716 [INFO]  -> found 2 ad config files
2026-06-10 20:18:05,758 [INFO]  -> LOADED: ad [ad_lg_hbs_fn7.yaml]
2026-06-10 20:18:05,801 [INFO]  -> LOADED: ad [ad_roomba_966.yaml]
2026-06-10 20:18:05,813 [INFO] Loaded 2 ads
2026-06-10 20:18:05,823 [INFO] Creating Browser session...
2026-06-10 20:18:05,837 [INFO]  -> Browser binary location: C:\Program Files\Google\Chrome\Application\chrome.exe
2026-06-10 20:18:15,995 [INFO]  -> Custom Browser argument: --disable-dev-shm-usage
2026-06-10 20:18:16,008 [INFO]  -> Custom Browser argument: --no-sandbox
2026-06-10 20:18:16,023 [INFO]  -> Browser user data dir: C:\AI\cc\2ndhand\output\.temp\browser-profile
2026-06-10 20:18:16,037 [INFO]  -> Setting chrome prefs [C:\AI\cc\2ndhand\output\.temp\browser-profile\Default\Preferences]...
2026-06-10 20:18:17,040 [INFO] New Browser session is ws://127.0.0.1:63623/devtools/browser/4ed9ab65-922d-434d-9ca5-9a07e1d4dce7
2026-06-10 20:18:17,052 [INFO] Checking if already logged in...
2026-06-10 20:19:48,414 [INFO] Logging in...
2026-06-10 20:19:49,629 [INFO]  ... pausing for 2175 ms ...
2026-06-10 20:19:56,117 [INFO]  ... pausing for 1556 ms ...
2026-06-10 20:20:00,786 [INFO]  ... pausing for 2211 ms ...
2026-06-10 20:20:10,851 [INFO] App version: 2026+20be5e9
2026-06-10 20:20:10,860 [INFO] Python version: 3.14.5 (tags/v3.14.5:5607950, May 10 2026, 10:43:50) [MSC v.1944 64 bit (AMD64)]
2026-06-10 20:20:11,030 [INFO] Searching for ad config files...
2026-06-10 20:20:11,048 [INFO]  -> found 2 ad config files
2026-06-10 20:20:11,087 [INFO]  -> LOADED: ad [ad_lg_hbs_fn7.yaml]
2026-06-10 20:20:11,126 [INFO]  -> LOADED: ad [ad_roomba_966.yaml]
2026-06-10 20:20:11,142 [INFO] Loaded 2 ads
2026-06-10 20:20:11,156 [INFO] Creating Browser session...
2026-06-10 20:20:11,169 [INFO]  -> Browser binary location: C:\Program Files\Google\Chrome\Application\chrome.exe
2026-06-10 20:20:21,499 [INFO]  -> Custom Browser argument: --disable-dev-shm-usage
2026-06-10 20:20:21,514 [INFO]  -> Custom Browser argument: --no-sandbox
2026-06-10 20:20:21,531 [INFO]  -> Browser user data dir: C:\AI\cc\2ndhand\output\.temp\browser-profile
2026-06-10 20:20:21,663 [INFO] Login confirmed.
2026-06-10 20:20:21,820 [INFO] Reached last page 1 of 1, stopping pagination
2026-06-10 20:20:21,847 [INFO] Processing 1/2: 'LG TONE Free HBS-FN7 ANC Kopfhörer | UVnano | Qi-Charge | OVP' from [C:\AI\cc\2ndhand\output\ad_lg_hbs_fn7.yaml]...
2026-06-10 20:20:21,868 [INFO] Publishing ad 'LG TONE Free HBS-FN7 ANC Kopfhörer | UVnano | Qi-Charge | OVP'...
2026-06-10 20:20:30,646 [INFO]  ... pausing for 1655 ms ...
2026-06-10 20:20:35,151 [ERROR] Failed to start browser. This error often occurs when:
2026-06-10 20:20:35,167 [ERROR] 1. Running as root user (try running as regular user)
2026-06-10 20:20:35,181 [ERROR] 2. Browser profile is locked or in use by another process
2026-06-10 20:20:35,193 [ERROR] 3. Insufficient permissions to access the browser profile
2026-06-10 20:20:35,201 [ERROR] 4. Browser binary is not executable or missing
2026-06-10 20:20:35,211 [ERROR] 
2026-06-10 20:20:35,220 [ERROR] Troubleshooting steps:
2026-06-10 20:20:35,233 [ERROR] 1. Close all browser instances and try again
2026-06-10 20:20:35,247 [ERROR] 2. Remove the user_data_dir configuration temporarily
2026-06-10 20:20:35,260 [ERROR] 3. Try running without profile configuration
2026-06-10 20:20:35,275 [ERROR] 4. Check browser binary permissions: C:\Program Files\Google\Chrome\Application\chrome.exe
2026-06-10 20:20:35,289 [ERROR] 5. Check if any antivirus or security software is blocking the browser
2026-06-10 20:20:35,301 [ERROR] Exception: 
                ---------------------
                Failed to connect to browser
                ---------------------
                One of the causes could be when you are running as root.
                In that case you need to pass no_sandbox=True 
                
2026-06-10 20:20:37,197 [INFO]  ... pausing for 1982 ms ...
2026-06-10 20:20:41,046 [INFO]  ... pausing for 1639 ms ...
2026-06-10 20:20:50,373 [INFO] Condition dialog not available, falling back to generic attribute handler for [condition_s]...
2026-06-10 20:20:54,310 [WARNING] Special attribute 'condition_s' is not available for the selected category. Skipping.
2026-06-10 20:21:30,310 [WARNING] Shipping options dialog entry not found. Legacy '.versand_s' select UI is no longer supported and requires dedicated rebuild.
2026-06-10 20:21:30,331 [WARNING] Attempt 1/3 failed for 'LG TONE Free HBS-FN7 ANC Kopfhörer | UVnano | Qi-Charge | OVP': Unable to open shipping options dialog!. Retrying...
2026-06-10 20:21:30,340 [INFO]  ... pausing for 2439 ms ...
2026-06-10 20:21:32,796 [INFO] Publishing ad 'LG TONE Free HBS-FN7 ANC Kopfhörer | UVnano | Qi-Charge | OVP'...
2026-06-10 20:21:37,932 [INFO]  ... pausing for 2318 ms ...
2026-06-10 20:21:42,843 [INFO]  ... pausing for 2196 ms ...
2026-06-10 20:21:52,949 [INFO]  ... pausing for 2057 ms ...
2026-06-10 20:21:58,981 [INFO] Condition dialog not available, falling back to generic attribute handler for [condition_s]...
2026-06-10 20:22:02,906 [WARNING] Special attribute 'condition_s' is not available for the selected category. Skipping.
2026-06-10 20:22:38,949 [WARNING] Shipping options dialog entry not found. Legacy '.versand_s' select UI is no longer supported and requires dedicated rebuild.
2026-06-10 20:22:38,964 [WARNING] Attempt 2/3 failed for 'LG TONE Free HBS-FN7 ANC Kopfhörer | UVnano | Qi-Charge | OVP': Unable to open shipping options dialog!. Retrying...
2026-06-10 20:22:38,976 [INFO]  ... pausing for 2397 ms ...
2026-06-10 20:22:41,400 [INFO] Publishing ad 'LG TONE Free HBS-FN7 ANC Kopfhörer | UVnano | Qi-Charge | OVP'...
2026-06-10 20:22:47,739 [INFO]  ... pausing for 2222 ms ...
2026-06-10 20:22:52,550 [INFO]  ... pausing for 2119 ms ...
2026-06-10 20:22:55,600 [INFO]  ... pausing for 1977 ms ...
2026-06-10 20:22:59,451 [INFO]  ... pausing for 1857 ms ...
2026-06-10 20:23:03,557 [INFO]  ... pausing for 1636 ms ...
2026-06-10 20:23:09,167 [INFO] Condition dialog not available, falling back to generic attribute handler for [condition_s]...
2026-06-10 20:23:13,140 [WARNING] Special attribute 'condition_s' is not available for the selected category. Skipping.
2026-06-10 20:23:17,250 [ERROR] Task exception was never retrieved
future: <Task finished name='Task-601' coro=<Browser.update_targets() done, defined at C:\AI\cc\2ndhand\vendor\kleinanzeigen-bot\.venv\Lib\site-packages\nodriver\core\browser.py:498> exception=ConnectionClosedError(None, None, None)>
Traceback (most recent call last):
  File "C:\AI\cc\2ndhand\vendor\kleinanzeigen-bot\.venv\Lib\site-packages\nodriver\core\browser.py", line 500, in update_targets
    targets = await self.send(cdp.target.get_targets())
              ^^^^^^^^^^^^^^^^^^^^^^^^^^^^^^^^^^^^^^^^^
  File "C:\AI\cc\2ndhand\vendor\kleinanzeigen-bot\.venv\Lib\site-packages\nodriver\core\connection.py", line 429, in send
    await ws.send(json.dumps(message))
  File "C:\AI\cc\2ndhand\vendor\kleinanzeigen-bot\.venv\Lib\site-packages\websockets\asyncio\connection.py", line 478, in send
    async with self.send_context():
               ~~~~~~~~~~~~~~~~~^^
  File "C:\Users\jaoji\AppData\Local\Programs\Python\Python314\Lib\contextlib.py", line 214, in __aenter__
    return await anext(self.gen)
           ^^^^^^^^^^^^^^^^^^^^^
  File "C:\AI\cc\2ndhand\vendor\kleinanzeigen-bot\.venv\Lib\site-packages\websockets\asyncio\connection.py", line 965, in send_context
    raise self.protocol.close_exc from original_exc
websockets.exceptions.ConnectionClosedError: no close frame received or sent
2026-06-10 20:23:18,276 [ERROR] Task exception was never retrieved
future: <Task finished name='Task-603' coro=<Browser.update_targets() done, defined at C:\AI\cc\2ndhand\vendor\kleinanzeigen-bot\.venv\Lib\site-packages\nodriver\core\browser.py:498> exception=ConnectionClosedError(None, None, None)>
Traceback (most recent call last):
  File "C:\AI\cc\2ndhand\vendor\kleinanzeigen-bot\.venv\Lib\site-packages\nodriver\core\browser.py", line 500, in update_targets
    targets = await self.send(cdp.target.get_targets())
              ^^^^^^^^^^^^^^^^^^^^^^^^^^^^^^^^^^^^^^^^^
  File "C:\AI\cc\2ndhand\vendor\kleinanzeigen-bot\.venv\Lib\site-packages\nodriver\core\connection.py", line 429, in send
    await ws.send(json.dumps(message))
  File "C:\AI\cc\2ndhand\vendor\kleinanzeigen-bot\.venv\Lib\site-packages\websockets\asyncio\connection.py", line 478, in send
    async with self.send_context():
               ~~~~~~~~~~~~~~~~~^^
  File "C:\Users\jaoji\AppData\Local\Programs\Python\Python314\Lib\contextlib.py", line 214, in __aenter__
    return await anext(self.gen)
           ^^^^^^^^^^^^^^^^^^^^^
  File "C:\AI\cc\2ndhand\vendor\kleinanzeigen-bot\.venv\Lib\site-packages\websockets\asyncio\connection.py", line 965, in send_context
    raise self.protocol.close_exc from original_exc
websockets.exceptions.ConnectionClosedError: no close frame received or sent
2026-06-10 20:23:19,251 [ERROR] Task exception was never retrieved
future: <Task finished name='Task-605' coro=<Browser.update_targets() done, defined at C:\AI\cc\2ndhand\vendor\kleinanzeigen-bot\.venv\Lib\site-packages\nodriver\core\browser.py:498> exception=ConnectionClosedError(None, None, None)>
Traceback (most recent call last):
  File "C:\AI\cc\2ndhand\vendor\kleinanzeigen-bot\.venv\Lib\site-packages\nodriver\core\browser.py", line 500, in update_targets
    targets = await self.send(cdp.target.get_targets())
              ^^^^^^^^^^^^^^^^^^^^^^^^^^^^^^^^^^^^^^^^^
  File "C:\AI\cc\2ndhand\vendor\kleinanzeigen-bot\.venv\Lib\site-packages\nodriver\core\connection.py", line 429, in send
    await ws.send(json.dumps(message))
  File "C:\AI\cc\2ndhand\vendor\kleinanzeigen-bot\.venv\Lib\site-packages\websockets\asyncio\connection.py", line 478, in send
    async with self.send_context():
               ~~~~~~~~~~~~~~~~~^^
  File "C:\Users\jaoji\AppData\Local\Programs\Python\Python314\Lib\contextlib.py", line 214, in __aenter__
    return await anext(self.gen)
           ^^^^^^^^^^^^^^^^^^^^^
  File "C:\AI\cc\2ndhand\vendor\kleinanzeigen-bot\.venv\Lib\site-packages\websockets\asyncio\connection.py", line 965, in send_context
    raise self.protocol.close_exc from original_exc
websockets.exceptions.ConnectionClosedError: no close frame received or sent
2026-06-10 20:23:19,357 [ERROR] ConnectionClosedError: no close frame received or sent
2026-06-10 20:23:58,878 [INFO] App version: 2026+20be5e9
2026-06-10 20:23:58,888 [INFO] Python version: 3.14.5 (tags/v3.14.5:5607950, May 10 2026, 10:43:50) [MSC v.1944 64 bit (AMD64)]
2026-06-10 20:24:01,659 [INFO] You are on a different commit than the release for channel 'latest' (tag: latest). This may mean you are ahead, behind, or on a different branch. Local commit: 20be5e9 (2026-06-10 14:08:01 UTC), Release commit: b98ae58 (2026-06-06 05:05:18 UTC)
2026-06-10 20:24:01,682 [INFO] Searching for ad config files...
2026-06-10 20:24:01,700 [INFO]  -> found 2 ad config files
2026-06-10 20:24:01,755 [INFO]  -> LOADED: ad [ad_lg_hbs_fn7.yaml]
2026-06-10 20:24:01,794 [INFO]  -> LOADED: ad [ad_roomba_966.yaml]
2026-06-10 20:24:01,808 [INFO] Loaded 2 ads
2026-06-10 20:24:01,817 [INFO] Creating Browser session...
2026-06-10 20:24:01,833 [INFO]  -> Browser binary location: C:\Program Files\Google\Chrome\Application\chrome.exe
2026-06-10 20:24:12,175 [INFO]  -> Custom Browser argument: --disable-dev-shm-usage
2026-06-10 20:24:12,191 [INFO]  -> Custom Browser argument: --no-sandbox
2026-06-10 20:24:12,205 [INFO]  -> Browser user data dir: C:\AI\cc\2ndhand\output\.temp\browser-profile
2026-06-10 20:24:12,218 [INFO]  -> Setting chrome prefs [C:\AI\cc\2ndhand\output\.temp\browser-profile\Default\Preferences]...
2026-06-10 20:24:13,278 [INFO] New Browser session is ws://127.0.0.1:64377/devtools/browser/6c09eef3-e09d-4ce2-82ed-05670ad1b120
2026-06-10 20:24:13,297 [INFO] Checking if already logged in...
2026-06-10 20:24:16,898 [INFO]  ... pausing for 2327 ms ...
2026-06-10 20:25:34,998 [INFO] Logging in...
2026-06-10 20:25:36,264 [INFO]  ... pausing for 2130 ms ...
2026-06-10 20:25:38,952 [INFO]  ... pausing for 1572 ms ...
2026-06-10 20:25:53,312 [ERROR] Auth0 password step not reached (url=https://login.kleinanzeigen.de/u/login/identifier)
2026-06-10 20:26:05,834 [INFO] App version: 2026+20be5e9
2026-06-10 20:26:05,843 [INFO] Python version: 3.14.5 (tags/v3.14.5:5607950, May 10 2026, 10:43:50) [MSC v.1944 64 bit (AMD64)]
2026-06-10 20:26:06,077 [INFO] Searching for ad config files...
2026-06-10 20:26:06,096 [INFO]  -> found 2 ad config files
2026-06-10 20:26:06,146 [INFO]  -> LOADED: ad [ad_lg_hbs_fn7.yaml]
2026-06-10 20:26:06,184 [INFO]  -> LOADED: ad [ad_roomba_966.yaml]
2026-06-10 20:26:06,198 [INFO] Loaded 2 ads
2026-06-10 20:26:06,209 [INFO] Creating Browser session...
2026-06-10 20:26:06,224 [INFO]  -> Browser binary location: C:\Program Files\Google\Chrome\Application\chrome.exe
2026-06-10 20:26:16,429 [INFO]  -> Custom Browser argument: --disable-dev-shm-usage
2026-06-10 20:26:16,439 [INFO]  -> Custom Browser argument: --no-sandbox
2026-06-10 20:26:16,451 [INFO]  -> Browser user data dir: C:\AI\cc\2ndhand\output\.temp\browser-profile
2026-06-10 20:26:17,361 [INFO] New Browser session is ws://127.0.0.1:64532/devtools/browser/ebb9c4ed-c5c8-4c18-b430-9e8008146f84
2026-06-10 20:26:17,375 [INFO] Checking if already logged in...
2026-06-10 20:27:50,379 [INFO] Logging in...
2026-06-10 20:27:51,546 [INFO]  ... pausing for 1780 ms ...
2026-06-10 20:27:53,889 [INFO]  ... pausing for 1912 ms ...
2026-06-10 20:28:08,663 [ERROR] Auth0 password step not reached (url=https://login.kleinanzeigen.de/u/login/identifier)
2026-06-10 20:28:11,941 [INFO] App version: 2026+20be5e9
2026-06-10 20:28:11,948 [INFO] Python version: 3.14.5 (tags/v3.14.5:5607950, May 10 2026, 10:43:50) [MSC v.1944 64 bit (AMD64)]
2026-06-10 20:28:12,195 [INFO] Searching for ad config files...
2026-06-10 20:28:12,210 [INFO]  -> found 2 ad config files
2026-06-10 20:28:12,266 [INFO]  -> LOADED: ad [ad_lg_hbs_fn7.yaml]
2026-06-10 20:28:12,317 [INFO]  -> LOADED: ad [ad_roomba_966.yaml]
2026-06-10 20:28:12,336 [INFO] Loaded 2 ads
2026-06-10 20:28:12,350 [INFO] Creating Browser session...
2026-06-10 20:28:12,374 [INFO]  -> Browser binary location: C:\Program Files\Google\Chrome\Application\chrome.exe
2026-06-10 20:28:22,731 [INFO]  -> Custom Browser argument: --disable-dev-shm-usage
2026-06-10 20:28:22,747 [INFO]  -> Custom Browser argument: --no-sandbox
2026-06-10 20:28:22,765 [INFO]  -> Browser user data dir: C:\AI\cc\2ndhand\output\.temp\browser-profile
2026-06-10 20:28:23,851 [INFO] New Browser session is ws://127.0.0.1:64707/devtools/browser/d1f7946e-613f-492c-844b-80755cc366b2
2026-06-10 20:28:23,864 [INFO] Checking if already logged in...
2026-06-10 20:28:26,637 [INFO]  ... pausing for 2356 ms ...
2026-06-10 20:29:44,326 [INFO] Logging in...
2026-06-10 20:29:45,492 [INFO]  ... pausing for 2214 ms ...
2026-06-10 20:29:48,232 [INFO]  ... pausing for 1891 ms ...
2026-06-10 20:30:02,719 [ERROR] Auth0 password step not reached (url=https://login.kleinanzeigen.de/u/login/identifier)
2026-06-10 20:30:32,552 [INFO] App version: 2026+20be5e9
2026-06-10 20:30:32,555 [INFO] Python version: 3.14.5 (tags/v3.14.5:5607950, May 10 2026, 10:43:50) [MSC v.1944 64 bit (AMD64)]
2026-06-10 20:30:34,042 [INFO] You are on a different commit than the release for channel 'latest' (tag: latest). This may mean you are ahead, behind, or on a different branch. Local commit: 20be5e9 (2026-06-10 14:08:01 UTC), Release commit: b98ae58 (2026-06-06 05:05:18 UTC)
2026-06-10 20:30:34,049 [INFO] Searching for ad config files...
2026-06-10 20:30:34,056 [INFO]  -> found 2 ad config files
2026-06-10 20:30:34,074 [INFO]  -> LOADED: ad [ad_lg_hbs_fn7.yaml]
2026-06-10 20:30:34,105 [INFO]  -> LOADED: ad [ad_roomba_966.yaml]
2026-06-10 20:30:34,111 [INFO] Loaded 2 ads
2026-06-10 20:30:34,115 [INFO] Creating Browser session...
2026-06-10 20:30:34,122 [INFO]  -> Browser binary location: C:\Program Files\Google\Chrome\Application\chrome.exe
2026-06-10 20:30:44,344 [INFO]  -> Custom Browser argument: --disable-dev-shm-usage
2026-06-10 20:30:44,349 [INFO]  -> Custom Browser argument: --no-sandbox
2026-06-10 20:30:44,354 [INFO]  -> Browser user data dir: C:\AI\cc\2ndhand\output\.temp\browser-profile
2026-06-10 20:30:44,365 [INFO]  -> Setting chrome prefs [C:\AI\cc\2ndhand\output\.temp\browser-profile\Default\Preferences]...
2026-06-10 20:30:44,949 [INFO] New Browser session is ws://127.0.0.1:64874/devtools/browser/80ecd997-3dcf-40d8-a074-d9431419804b
2026-06-10 20:30:44,955 [INFO] Checking if already logged in...
2026-06-10 20:30:47,360 [INFO]  ... pausing for 1782 ms ...
2026-06-10 20:32:03,402 [INFO] Logging in...
2026-06-10 20:32:04,579 [INFO]  ... pausing for 1847 ms ...
2026-06-10 20:32:06,960 [INFO]  ... pausing for 2088 ms ...
2026-06-10 20:32:10,197 [INFO]  ... pausing for 2424 ms ...
2026-06-10 20:32:36,727 [INFO] Login confirmed.
2026-06-10 20:32:36,939 [INFO] Reached last page 1 of 1, stopping pagination
2026-06-10 20:32:36,945 [INFO] Processing 1/2: 'LG TONE Free HBS-FN7 ANC Kopfhörer | UVnano | Qi-Charge | OVP' from [C:\AI\cc\2ndhand\output\ad_lg_hbs_fn7.yaml]...
2026-06-10 20:32:36,951 [INFO] Publishing ad 'LG TONE Free HBS-FN7 ANC Kopfhörer | UVnano | Qi-Charge | OVP'...
2026-06-10 20:32:41,964 [INFO]  ... pausing for 1570 ms ...
2026-06-10 20:32:48,092 [INFO]  ... pausing for 2206 ms ...
2026-06-10 20:32:51,980 [INFO]  ... pausing for 2416 ms ...
2026-06-10 20:32:56,950 [INFO]  ... pausing for 2165 ms ...
2026-06-10 20:33:02,904 [INFO] Condition dialog not available, falling back to generic attribute handler for [condition_s]...
2026-06-10 20:33:06,690 [WARNING] Special attribute 'condition_s' is not available for the selected category. Skipping.
2026-06-10 20:33:42,783 [WARNING] Shipping options dialog entry not found. Legacy '.versand_s' select UI is no longer supported and requires dedicated rebuild.
2026-06-10 20:33:42,790 [WARNING] Attempt 1/3 failed for 'LG TONE Free HBS-FN7 ANC Kopfhörer | UVnano | Qi-Charge | OVP': Unable to open shipping options dialog!. Retrying...
2026-06-10 20:33:42,795 [INFO]  ... pausing for 2417 ms ...
2026-06-10 20:33:43,814 [INFO] App version: 2026+20be5e9
2026-06-10 20:33:43,819 [INFO] Python version: 3.14.5 (tags/v3.14.5:5607950, May 10 2026, 10:43:50) [MSC v.1944 64 bit (AMD64)]
2026-06-10 20:33:43,921 [INFO] Searching for ad config files...
2026-06-10 20:33:43,927 [INFO]  -> found 2 ad config files
2026-06-10 20:33:43,948 [INFO]  -> LOADED: ad [ad_lg_hbs_fn7.yaml]
2026-06-10 20:33:43,971 [INFO]  -> LOADED: ad [ad_roomba_966.yaml]
2026-06-10 20:33:43,978 [INFO] Loaded 2 ads
2026-06-10 20:33:43,983 [INFO] Creating Browser session...
2026-06-10 20:33:43,990 [INFO]  -> Browser binary location: C:\Program Files\Google\Chrome\Application\chrome.exe
2026-06-10 20:33:45,221 [INFO] Publishing ad 'LG TONE Free HBS-FN7 ANC Kopfhörer | UVnano | Qi-Charge | OVP'...
2026-06-10 20:33:50,109 [INFO]  ... pausing for 1966 ms ...
2026-06-10 20:33:54,131 [INFO]  -> Custom Browser argument: --disable-dev-shm-usage
2026-06-10 20:33:54,136 [INFO]  -> Custom Browser argument: --no-sandbox
2026-06-10 20:33:54,140 [INFO]  -> Browser user data dir: C:\AI\cc\2ndhand\output\.temp\browser-profile
2026-06-10 20:33:56,503 [INFO]  ... pausing for 1618 ms ...
2026-06-10 20:34:00,081 [INFO]  ... pausing for 2419 ms ...
2026-06-10 20:34:05,071 [INFO]  ... pausing for 2003 ms ...
2026-06-10 20:34:07,362 [ERROR] Failed to start browser. This error often occurs when:
2026-06-10 20:34:07,367 [ERROR] 1. Running as root user (try running as regular user)
2026-06-10 20:34:07,371 [ERROR] 2. Browser profile is locked or in use by another process
2026-06-10 20:34:07,375 [ERROR] 3. Insufficient permissions to access the browser profile
2026-06-10 20:34:07,379 [ERROR] 4. Browser binary is not executable or missing
2026-06-10 20:34:07,383 [ERROR] 
2026-06-10 20:34:07,387 [ERROR] Troubleshooting steps:
2026-06-10 20:34:07,391 [ERROR] 1. Close all browser instances and try again
2026-06-10 20:34:07,395 [ERROR] 2. Remove the user_data_dir configuration temporarily
2026-06-10 20:34:07,399 [ERROR] 3. Try running without profile configuration
2026-06-10 20:34:07,404 [ERROR] 4. Check browser binary permissions: C:\Program Files\Google\Chrome\Application\chrome.exe
2026-06-10 20:34:07,408 [ERROR] 5. Check if any antivirus or security software is blocking the browser
2026-06-10 20:34:07,413 [ERROR] Exception: 
                ---------------------
                Failed to connect to browser
                ---------------------
                One of the causes could be when you are running as root.
                In that case you need to pass no_sandbox=True 
                
2026-06-10 20:34:10,860 [INFO] Condition dialog not available, falling back to generic attribute handler for [condition_s]...
2026-06-10 20:34:14,550 [ERROR] ConnectionClosedError: no close frame received or sent
2026-06-10 20:34:32,475 [INFO] App version: 2026+20be5e9
2026-06-10 20:34:32,479 [INFO] Python version: 3.14.5 (tags/v3.14.5:5607950, May 10 2026, 10:43:50) [MSC v.1944 64 bit (AMD64)]
2026-06-10 20:34:33,964 [INFO] You are on a different commit than the release for channel 'latest' (tag: latest). This may mean you are ahead, behind, or on a different branch. Local commit: 20be5e9 (2026-06-10 14:08:01 UTC), Release commit: b98ae58 (2026-06-06 05:05:18 UTC)
2026-06-10 20:34:33,973 [INFO] Searching for ad config files...
2026-06-10 20:34:33,980 [INFO]  -> found 2 ad config files
2026-06-10 20:34:33,999 [INFO]  -> LOADED: ad [ad_lg_hbs_fn7.yaml]
2026-06-10 20:34:34,017 [INFO]  -> LOADED: ad [ad_roomba_966.yaml]
2026-06-10 20:34:34,024 [INFO] Loaded 2 ads
2026-06-10 20:34:34,028 [INFO] Creating Browser session...
2026-06-10 20:34:34,036 [INFO]  -> Browser binary location: C:\Program Files\Google\Chrome\Application\chrome.exe
2026-06-10 20:34:44,237 [INFO]  -> Custom Browser argument: --disable-dev-shm-usage
2026-06-10 20:34:44,243 [INFO]  -> Custom Browser argument: --no-sandbox
2026-06-10 20:34:44,247 [INFO]  -> Browser user data dir: C:\AI\cc\2ndhand\output\.temp\browser-profile
2026-06-10 20:34:44,255 [INFO]  -> Setting chrome prefs [C:\AI\cc\2ndhand\output\.temp\browser-profile\Default\Preferences]...
2026-06-10 20:34:44,864 [INFO] New Browser session is ws://127.0.0.1:65392/devtools/browser/1542c234-ed25-45e4-82c2-6254184d52ad
2026-06-10 20:34:44,876 [INFO] Checking if already logged in...
2026-06-10 20:34:47,260 [INFO]  ... pausing for 2226 ms ...
2026-06-10 20:36:15,349 [INFO] Logging in...
2026-06-10 20:36:18,253 [INFO]  ... pausing for 2367 ms ...
2026-06-10 20:36:33,173 [ERROR] Auth0 password step not reached (url=https://login.kleinanzeigen.de/u/login/identifier)
2026-06-10 20:37:16,713 [INFO] App version: 2026+20be5e9
2026-06-10 20:37:16,718 [INFO] Python version: 3.14.5 (tags/v3.14.5:5607950, May 10 2026, 10:43:50) [MSC v.1944 64 bit (AMD64)]
2026-06-10 20:37:18,113 [INFO] You are on a different commit than the release for channel 'latest' (tag: latest). This may mean you are ahead, behind, or on a different branch. Local commit: 20be5e9 (2026-06-10 14:08:01 UTC), Release commit: b98ae58 (2026-06-06 05:05:18 UTC)
2026-06-10 20:37:18,123 [INFO] Searching for ad config files...
2026-06-10 20:37:18,129 [INFO]  -> found 2 ad config files
2026-06-10 20:37:18,150 [INFO]  -> LOADED: ad [ad_lg_hbs_fn7.yaml]
2026-06-10 20:37:18,168 [INFO]  -> LOADED: ad [ad_roomba_966.yaml]
2026-06-10 20:37:18,175 [INFO] Loaded 2 ads
2026-06-10 20:37:18,180 [INFO] Creating Browser session...
2026-06-10 20:37:18,186 [INFO]  -> Browser binary location: C:\Program Files\Google\Chrome\Application\chrome.exe
2026-06-10 20:37:28,335 [INFO]  -> Custom Browser argument: --disable-dev-shm-usage
2026-06-10 20:37:28,340 [INFO]  -> Custom Browser argument: --no-sandbox
2026-06-10 20:37:28,344 [INFO]  -> Browser user data dir: C:\AI\cc\2ndhand\output\.temp\browser-profile
2026-06-10 20:37:28,349 [INFO]  -> Setting chrome prefs [C:\AI\cc\2ndhand\output\.temp\browser-profile\Default\Preferences]...
2026-06-10 20:37:28,979 [INFO] New Browser session is ws://127.0.0.1:49172/devtools/browser/3cf75e1d-2055-4f1e-b12e-6a058952a3df
2026-06-10 20:37:28,985 [INFO] Checking if already logged in...
2026-06-10 20:37:31,486 [INFO]  ... pausing for 2178 ms ...
2026-06-10 20:38:48,719 [INFO] Logging in...
2026-06-10 20:38:49,860 [INFO]  ... pausing for 2418 ms ...
2026-06-10 20:38:52,819 [INFO]  ... pausing for 2075 ms ...
2026-06-10 20:39:07,464 [ERROR] Auth0 password step not reached (url=https://login.kleinanzeigen.de/u/login/identifier)
2026-06-10 20:39:29,940 [INFO] App version: 2026+20be5e9
2026-06-10 20:39:29,945 [INFO] Python version: 3.14.5 (tags/v3.14.5:5607950, May 10 2026, 10:43:50) [MSC v.1944 64 bit (AMD64)]
2026-06-10 20:39:31,329 [INFO] You are on a different commit than the release for channel 'latest' (tag: latest). This may mean you are ahead, behind, or on a different branch. Local commit: 20be5e9 (2026-06-10 14:08:01 UTC), Release commit: b98ae58 (2026-06-06 05:05:18 UTC)
2026-06-10 20:39:31,335 [INFO] Searching for ad config files...
2026-06-10 20:39:31,341 [INFO]  -> found 2 ad config files
2026-06-10 20:39:31,361 [INFO]  -> LOADED: ad [ad_lg_hbs_fn7.yaml]
2026-06-10 20:39:31,382 [INFO]  -> LOADED: ad [ad_roomba_966.yaml]
2026-06-10 20:39:31,389 [INFO] Loaded 2 ads
2026-06-10 20:39:31,395 [INFO] Creating Browser session...
2026-06-10 20:39:31,403 [INFO]  -> Browser binary location: C:\Program Files\Google\Chrome\Application\chrome.exe
2026-06-10 20:39:41,534 [INFO]  -> Custom Browser argument: --disable-dev-shm-usage
2026-06-10 20:39:41,539 [INFO]  -> Custom Browser argument: --no-sandbox
2026-06-10 20:39:41,543 [INFO]  -> Browser user data dir: C:\AI\cc\2ndhand\output\.temp\browser-profile
2026-06-10 20:39:41,552 [INFO]  -> Setting chrome prefs [C:\AI\cc\2ndhand\output\.temp\browser-profile\Default\Preferences]...
2026-06-10 20:39:42,194 [INFO] New Browser session is ws://127.0.0.1:49786/devtools/browser/af37a001-10bf-4c3f-86c1-91fc12374c3a
2026-06-10 20:39:42,203 [INFO] Checking if already logged in...
2026-06-10 20:41:03,600 [INFO] Logging in...
2026-06-10 20:41:04,735 [INFO]  ... pausing for 2271 ms ...
2026-06-10 20:41:07,545 [INFO]  ... pausing for 1636 ms ...
2026-06-10 20:41:21,752 [ERROR] Auth0 password step not reached (url=https://login.kleinanzeigen.de/u/login/identifier)
2026-06-10 20:42:31,110 [INFO] App version: 2026+20be5e9
2026-06-10 20:42:31,114 [INFO] Python version: 3.14.5 (tags/v3.14.5:5607950, May 10 2026, 10:43:50) [MSC v.1944 64 bit (AMD64)]
2026-06-10 20:42:31,126 [ERROR] ScannerError: while scanning a simple key
  in "C:\AI\cc\2ndhand\output\config.yaml", line 10, column 1
could not find expected ':'
  in "C:\AI\cc\2ndhand\output\config.yaml", line 11, column 16
2026-06-10 20:42:45,699 [INFO] App version: 2026+20be5e9
2026-06-10 20:42:45,704 [INFO] Python version: 3.14.5 (tags/v3.14.5:5607950, May 10 2026, 10:43:50) [MSC v.1944 64 bit (AMD64)]
2026-06-10 20:42:47,111 [INFO] You are on a different commit than the release for channel 'latest' (tag: latest). This may mean you are ahead, behind, or on a different branch. Local commit: 20be5e9 (2026-06-10 14:08:01 UTC), Release commit: b98ae58 (2026-06-06 05:05:18 UTC)
2026-06-10 20:42:47,121 [INFO] Searching for ad config files...
2026-06-10 20:42:47,128 [INFO]  -> found 2 ad config files
2026-06-10 20:42:47,148 [INFO]  -> LOADED: ad [ad_lg_hbs_fn7.yaml]
2026-06-10 20:42:47,167 [INFO]  -> LOADED: ad [ad_roomba_966.yaml]
2026-06-10 20:42:47,173 [INFO] Loaded 2 ads
2026-06-10 20:42:47,178 [INFO] Creating Browser session...
2026-06-10 20:42:47,186 [INFO]  -> Browser binary location: C:\Program Files\Google\Chrome\Application\chrome.exe
2026-06-10 20:43:02,417 [INFO] Using existing browser process at 127.0.0.1:9222
2026-06-10 20:43:07,473 [ERROR] Browser process not reachable at 127.0.0.1:9222. Start the browser with --remote-debugging-port=9222 or remove this port from your config.yaml. Make sure the browser is running and the port is not blocked by firewall.
2026-06-10 20:43:29,650 [INFO] App version: 2026+20be5e9
2026-06-10 20:43:29,654 [INFO] Python version: 3.14.5 (tags/v3.14.5:5607950, May 10 2026, 10:43:50) [MSC v.1944 64 bit (AMD64)]
2026-06-10 20:43:29,753 [INFO] Searching for ad config files...
2026-06-10 20:43:29,760 [INFO]  -> found 2 ad config files
2026-06-10 20:43:29,781 [INFO]  -> LOADED: ad [ad_lg_hbs_fn7.yaml]
2026-06-10 20:43:29,800 [INFO]  -> LOADED: ad [ad_roomba_966.yaml]
2026-06-10 20:43:29,806 [INFO] Loaded 2 ads
2026-06-10 20:43:29,811 [INFO] Creating Browser session...
2026-06-10 20:43:29,820 [INFO]  -> Browser binary location: C:\Program Files\Google\Chrome\Application\chrome.exe
2026-06-10 20:43:30,040 [INFO]  -> Chrome 136+ detected: Chrome 149.0.0.0 (major: 149)
2026-06-10 20:43:30,045 [INFO]  -> Chrome 136+ configuration validation passed
2026-06-10 20:43:30,049 [INFO] Using existing browser process at 127.0.0.1:9222
2026-06-10 20:43:30,357 [INFO] New Browser session is ws://127.0.0.1:9222/devtools/browser/7379f559-3510-48d8-aba7-e06abdbc2118
2026-06-10 20:43:30,363 [INFO] Checking if already logged in...
2026-06-10 20:43:32,780 [INFO]  ... pausing for 2364 ms ...
2026-06-10 20:44:49,928 [INFO] Logging in...
2026-06-10 20:44:51,101 [INFO]  ... pausing for 1575 ms ...
2026-06-10 20:44:53,217 [INFO]  ... pausing for 1847 ms ...
2026-06-10 20:44:56,208 [INFO]  ... pausing for 2227 ms ...
2026-06-10 20:45:22,821 [INFO] Login confirmed.
2026-06-10 20:45:22,920 [INFO] Reached last page 1 of 1, stopping pagination
2026-06-10 20:45:22,924 [INFO] Processing 1/2: 'LG TONE Free HBS-FN7 ANC Kopfhörer | UVnano | Qi-Charge | OVP' from [C:\AI\cc\2ndhand\output\ad_lg_hbs_fn7.yaml]...
2026-06-10 20:45:22,931 [INFO] Publishing ad 'LG TONE Free HBS-FN7 ANC Kopfhörer | UVnano | Qi-Charge | OVP'...
2026-06-10 20:45:29,040 [INFO]  ... pausing for 2441 ms ...
2026-06-10 20:45:34,066 [INFO]  ... pausing for 1883 ms ...
2026-06-10 20:45:39,548 [INFO]  ... pausing for 2428 ms ...
2026-06-10 20:45:44,546 [INFO]  ... pausing for 1653 ms ...
2026-06-10 20:45:50,012 [INFO] Condition dialog not available, falling back to generic attribute handler for [condition_s]...
2026-06-10 20:45:53,827 [WARNING] Special attribute 'condition_s' is not available for the selected category. Skipping.
2026-06-10 20:46:29,939 [WARNING] Shipping options dialog entry not found. Legacy '.versand_s' select UI is no longer supported and requires dedicated rebuild.
2026-06-10 20:46:29,953 [WARNING] Attempt 1/3 failed for 'LG TONE Free HBS-FN7 ANC Kopfhörer | UVnano | Qi-Charge | OVP': Unable to open shipping options dialog!. Retrying...
2026-06-10 20:46:29,965 [INFO]  ... pausing for 2160 ms ...
2026-06-10 20:46:32,150 [INFO] Publishing ad 'LG TONE Free HBS-FN7 ANC Kopfhörer | UVnano | Qi-Charge | OVP'...
2026-06-10 20:46:37,135 [INFO]  ... pausing for 2054 ms ...
2026-06-10 20:46:41,808 [INFO]  ... pausing for 2139 ms ...
2026-06-10 20:46:44,653 [INFO]  ... pausing for 1912 ms ...
2026-06-10 20:46:48,257 [INFO]  ... pausing for 1543 ms ...
2026-06-10 20:46:52,365 [INFO]  ... pausing for 2413 ms ...
2026-06-10 20:46:58,642 [INFO] Condition dialog not available, falling back to generic attribute handler for [condition_s]...
2026-06-10 20:47:02,460 [WARNING] Special attribute 'condition_s' is not available for the selected category. Skipping.
2026-06-10 20:47:38,630 [WARNING] Shipping options dialog entry not found. Legacy '.versand_s' select UI is no longer supported and requires dedicated rebuild.
2026-06-10 20:47:38,637 [WARNING] Attempt 2/3 failed for 'LG TONE Free HBS-FN7 ANC Kopfhörer | UVnano | Qi-Charge | OVP': Unable to open shipping options dialog!. Retrying...
2026-06-10 20:47:38,642 [INFO]  ... pausing for 2251 ms ...
2026-06-10 20:47:40,910 [INFO] Publishing ad 'LG TONE Free HBS-FN7 ANC Kopfhörer | UVnano | Qi-Charge | OVP'...
2026-06-10 20:47:51,448 [INFO]  ... pausing for 2072 ms ...
2026-06-10 20:47:55,227 [INFO]  ... pausing for 2424 ms ...
2026-06-10 20:48:00,223 [INFO]  ... pausing for 2345 ms ...
2026-06-10 20:48:06,365 [INFO] Condition dialog not available, falling back to generic attribute handler for [condition_s]...
2026-06-10 20:48:10,250 [WARNING] Special attribute 'condition_s' is not available for the selected category. Skipping.
2026-06-10 20:48:46,348 [WARNING] Shipping options dialog entry not found. Legacy '.versand_s' select UI is no longer supported and requires dedicated rebuild.
2026-06-10 20:48:46,358 [ERROR] All 3 attempts failed for 'LG TONE Free HBS-FN7 ANC Kopfhörer | UVnano | Qi-Charge | OVP': Unable to open shipping options dialog!. Skipping ad.
2026-06-10 20:48:46,363 [INFO] Processing 2/2: 'iRobot Roomba 966 Saugroboter | vSLAM Navigation | WLAN & App' from [C:\AI\cc\2ndhand\output\ad_roomba_966.yaml]...
2026-06-10 20:48:46,367 [INFO] Publishing ad 'iRobot Roomba 966 Saugroboter | vSLAM Navigation | WLAN & App'...
2026-06-10 20:48:51,219 [INFO]  ... pausing for 1853 ms ...
2026-06-10 20:48:55,642 [INFO]  ... pausing for 1736 ms ...
2026-06-10 20:48:58,221 [INFO]  ... pausing for 2430 ms ...
2026-06-10 20:49:02,351 [INFO]  ... pausing for 1969 ms ...
2026-06-10 20:49:11,566 [INFO] Condition dialog not available, falling back to generic attribute handler for [condition_s]...
2026-06-10 20:49:15,355 [WARNING] Special attribute 'condition_s' is not available for the selected category. Skipping.
2026-06-10 20:49:51,493 [WARNING] Shipping options dialog entry not found. Legacy '.versand_s' select UI is no longer supported and requires dedicated rebuild.
2026-06-10 20:49:51,499 [WARNING] Attempt 1/3 failed for 'iRobot Roomba 966 Saugroboter | vSLAM Navigation | WLAN & App': Unable to open shipping options dialog!. Retrying...
2026-06-10 20:49:51,504 [INFO]  ... pausing for 2273 ms ...
2026-06-10 20:49:53,800 [INFO] Publishing ad 'iRobot Roomba 966 Saugroboter | vSLAM Navigation | WLAN & App'...
2026-06-10 20:49:58,719 [INFO]  ... pausing for 2080 ms ...
2026-06-10 20:50:05,506 [INFO]  ... pausing for 2218 ms ...
2026-06-10 20:50:13,196 [INFO]  ... pausing for 2319 ms ...
2026-06-10 20:50:19,353 [INFO] Condition dialog not available, falling back to generic attribute handler for [condition_s]...
2026-06-10 20:50:23,137 [WARNING] Special attribute 'condition_s' is not available for the selected category. Skipping.
2026-06-10 20:50:59,217 [WARNING] Shipping options dialog entry not found. Legacy '.versand_s' select UI is no longer supported and requires dedicated rebuild.
2026-06-10 20:50:59,223 [WARNING] Attempt 2/3 failed for 'iRobot Roomba 966 Saugroboter | vSLAM Navigation | WLAN & App': Unable to open shipping options dialog!. Retrying...
2026-06-10 20:50:59,228 [INFO]  ... pausing for 2452 ms ...
2026-06-10 20:51:01,688 [INFO] Publishing ad 'iRobot Roomba 966 Saugroboter | vSLAM Navigation | WLAN & App'...
2026-06-10 20:51:35,738 [ERROR] All 3 attempts failed for 'iRobot Roomba 966 Saugroboter | vSLAM Navigation | WLAN & App': No HTML element found with ID 'ad-description' within 11.25 seconds.. Skipping ad.
2026-06-10 20:51:35,744 [INFO] ############################################
2026-06-10 20:51:35,750 [INFO] DONE: (Re-)published 0 ads (2 failed after retries)
2026-06-10 20:51:35,754 [INFO] ############################################
